2024-09-08 12:39:49 [restartedMain] INFO  c.n.n.NeometroapiApplication - Starting NeometroapiApplication using Java 21.0.4 with PID 71187 (/Users/mandar.risbud/Documents/MandarR_Backup/Mandar/Java/metro/neometroapi/target/classes started by mandar.risbud in /Users/mandar.risbud/Documents/MandarR_Backup/Mandar/Java/metro/neometroapi)
2024-09-08 12:39:49 [restartedMain] INFO  c.n.n.NeometroapiApplication - No active profile set, falling back to 1 default profile: "default"
2024-09-08 12:39:49 [restartedMain] INFO  o.s.b.d.e.DevToolsPropertyDefaultsPostProcessor - Devtools property defaults active! Set 'spring.devtools.add-properties' to 'false' to disable
2024-09-08 12:39:49 [restartedMain] INFO  o.s.b.d.e.DevToolsPropertyDefaultsPostProcessor - For additional web related logging consider setting the 'logging.level.web' property to 'DEBUG'
2024-09-08 12:39:49 [restartedMain] INFO  o.s.d.r.c.RepositoryConfigurationDelegate - Bootstrapping Spring Data Neo4j repositories in DEFAULT mode.
2024-09-08 12:39:49 [restartedMain] INFO  o.s.d.r.c.RepositoryConfigurationDelegate - Finished Spring Data repository scanning in 137 ms. Found 0 Neo4j repository interfaces.
2024-09-08 12:39:49 [restartedMain] INFO  o.s.d.r.c.RepositoryConfigurationDelegate - Bootstrapping Spring Data Neo4j repositories in DEFAULT mode.
2024-09-08 12:39:49 [restartedMain] INFO  o.s.d.r.c.RepositoryConfigurationDelegate - Finished Spring Data repository scanning in 7 ms. Found 3 Neo4j repository interfaces.
2024-09-08 12:39:50 [restartedMain] INFO  o.s.b.w.e.tomcat.TomcatWebServer - Tomcat initialized with port 8083 (http)
2024-09-08 12:39:50 [restartedMain] INFO  o.a.coyote.http11.Http11NioProtocol - Initializing ProtocolHandler ["http-nio-8083"]
2024-09-08 12:39:50 [restartedMain] INFO  o.a.catalina.core.StandardService - Starting service [Tomcat]
2024-09-08 12:39:50 [restartedMain] INFO  o.a.catalina.core.StandardEngine - Starting Servlet engine: [Apache Tomcat/10.1.28]
2024-09-08 12:39:50 [restartedMain] INFO  o.a.c.c.C.[Tomcat].[localhost].[/] - Initializing Spring embedded WebApplicationContext
2024-09-08 12:39:50 [restartedMain] INFO  o.s.b.w.s.c.ServletWebServerApplicationContext - Root WebApplicationContext: initialization completed in 809 ms
2024-09-08 12:39:50 [restartedMain] INFO  o.n.driver.internal.DriverFactory - Direct driver instance 159771540 created for server address localhost:7687
2024-09-08 12:39:50 [restartedMain] WARN  o.s.d.n.c.m.Neo4jPersistentEntity - The entity com.neometro.neometroapi.beans.Line is using a Long value for storing internally generated Neo4j ids. The Neo4j internal Long Ids are deprecated, please consider using an external ID generator.
2024-09-08 12:39:50 [restartedMain] WARN  o.s.b.d.a.OptionalLiveReloadServer - Unable to start LiveReload server
2024-09-08 12:39:50 [restartedMain] WARN  o.s.d.n.c.m.Neo4jPersistentEntity - The entity com.neometro.neometroapi.beans.Station is using a Long value for storing internally generated Neo4j ids. The Neo4j internal Long Ids are deprecated, please consider using an external ID generator.
2024-09-08 12:39:50 [restartedMain] INFO  o.a.coyote.http11.Http11NioProtocol - Starting ProtocolHandler ["http-nio-8083"]
2024-09-08 12:39:50 [restartedMain] INFO  o.s.b.w.e.tomcat.TomcatWebServer - Tomcat started on port 8083 (http) with context path '/'
2024-09-08 12:39:50 [restartedMain] INFO  c.n.n.NeometroapiApplication - Started NeometroapiApplication in 1.564 seconds (process running for 8.687)
2024-09-08 12:39:50 [restartedMain] INFO  c.n.n.NeometroapiApplication - Application Started
2024-09-08 12:44:58 [SpringApplicationShutdownHook] INFO  o.n.driver.internal.InternalDriver - Closing driver instance 159771540
2024-09-08 12:45:09 [restartedMain] INFO  c.n.n.NeometroapiApplication - Starting NeometroapiApplication using Java 21.0.4 with PID 72445 (/Users/mandar.risbud/Documents/MandarR_Backup/Mandar/Java/metro/neometroapi/target/classes started by mandar.risbud in /Users/mandar.risbud/Documents/MandarR_Backup/Mandar/Java/metro/neometroapi)
2024-09-08 12:45:09 [restartedMain] INFO  c.n.n.NeometroapiApplication - No active profile set, falling back to 1 default profile: "default"
2024-09-08 12:45:09 [restartedMain] INFO  o.s.b.d.e.DevToolsPropertyDefaultsPostProcessor - Devtools property defaults active! Set 'spring.devtools.add-properties' to 'false' to disable
2024-09-08 12:45:09 [restartedMain] INFO  o.s.b.d.e.DevToolsPropertyDefaultsPostProcessor - For additional web related logging consider setting the 'logging.level.web' property to 'DEBUG'
2024-09-08 12:45:09 [restartedMain] INFO  o.s.d.r.c.RepositoryConfigurationDelegate - Bootstrapping Spring Data Neo4j repositories in DEFAULT mode.
2024-09-08 12:45:10 [restartedMain] INFO  o.s.d.r.c.RepositoryConfigurationDelegate - Finished Spring Data repository scanning in 148 ms. Found 0 Neo4j repository interfaces.
2024-09-08 12:45:10 [restartedMain] INFO  o.s.d.r.c.RepositoryConfigurationDelegate - Bootstrapping Spring Data Neo4j repositories in DEFAULT mode.
2024-09-08 12:45:10 [restartedMain] INFO  o.s.d.r.c.RepositoryConfigurationDelegate - Finished Spring Data repository scanning in 7 ms. Found 3 Neo4j repository interfaces.
2024-09-08 12:45:10 [restartedMain] INFO  o.s.b.w.e.tomcat.TomcatWebServer - Tomcat initialized with port 8083 (http)
2024-09-08 12:45:10 [restartedMain] INFO  o.a.coyote.http11.Http11NioProtocol - Initializing ProtocolHandler ["http-nio-8083"]
2024-09-08 12:45:10 [restartedMain] INFO  o.a.catalina.core.StandardService - Starting service [Tomcat]
2024-09-08 12:45:10 [restartedMain] INFO  o.a.catalina.core.StandardEngine - Starting Servlet engine: [Apache Tomcat/10.1.28]
2024-09-08 12:45:10 [restartedMain] INFO  o.a.c.c.C.[Tomcat].[localhost].[/] - Initializing Spring embedded WebApplicationContext
2024-09-08 12:45:10 [restartedMain] INFO  o.s.b.w.s.c.ServletWebServerApplicationContext - Root WebApplicationContext: initialization completed in 823 ms
2024-09-08 12:45:10 [restartedMain] INFO  o.n.driver.internal.DriverFactory - Direct driver instance 221338922 created for server address localhost:7687
2024-09-08 12:45:10 [restartedMain] WARN  o.s.d.n.c.m.Neo4jPersistentEntity - The entity com.neometro.neometroapi.beans.Line is using a Long value for storing internally generated Neo4j ids. The Neo4j internal Long Ids are deprecated, please consider using an external ID generator.
2024-09-08 12:45:10 [restartedMain] WARN  o.s.b.d.a.OptionalLiveReloadServer - Unable to start LiveReload server
2024-09-08 12:45:10 [restartedMain] WARN  o.s.d.n.c.m.Neo4jPersistentEntity - The entity com.neometro.neometroapi.beans.Station is using a Long value for storing internally generated Neo4j ids. The Neo4j internal Long Ids are deprecated, please consider using an external ID generator.
2024-09-08 12:45:10 [restartedMain] INFO  o.a.coyote.http11.Http11NioProtocol - Starting ProtocolHandler ["http-nio-8083"]
2024-09-08 12:45:10 [restartedMain] INFO  o.s.b.w.e.tomcat.TomcatWebServer - Tomcat started on port 8083 (http) with context path '/'
2024-09-08 12:45:10 [restartedMain] INFO  c.n.n.NeometroapiApplication - Started NeometroapiApplication in 1.548 seconds (process running for 8.665)
2024-09-08 12:45:10 [restartedMain] INFO  c.n.n.NeometroapiApplication - Application Started
2024-09-08 12:45:51 [SpringApplicationShutdownHook] INFO  o.n.driver.internal.InternalDriver - Closing driver instance 221338922
